Performing C SOURCE FILE Test HAVE_GCC_WDOCUMENTATION failed with the following output:
Change Dir: /home/mcditoos/Explorations/math_viz/game_of_life/c/build/CMakeFiles/CMakeTmp

Run Build Command(s):/home/mcditoos/anaconda3/bin/ninja cmTC_09637 && [1/2] Building C object CMakeFiles/cmTC_09637.dir/src.c.o
FAILED: CMakeFiles/cmTC_09637.dir/src.c.o 
/usr/bin/cc -DHAVE_GCC_WDOCUMENTATION  -D_GNU_SOURCE=1   -Wdocumentation -o CMakeFiles/cmTC_09637.dir/src.c.o -c /home/mcditoos/Explorations/math_viz/game_of_life/c/build/CMakeFiles/CMakeTmp/src.c
cc: error: unrecognized command-line option '-Wdocumentation'
ninja: build stopped: subcommand failed.


Source file was:
int main(void) { return 0; }
Performing C SOURCE FILE Test HAVE_GCC_WDOCUMENTATION_UNKNOWN_COMMAND failed with the following output:
Change Dir: /home/mcditoos/Explorations/math_viz/game_of_life/c/build/CMakeFiles/CMakeTmp

Run Build Command(s):/home/mcditoos/anaconda3/bin/ninja cmTC_abd27 && [1/2] Building C object CMakeFiles/cmTC_abd27.dir/src.c.o
FAILED: CMakeFiles/cmTC_abd27.dir/src.c.o 
/usr/bin/cc -DHAVE_GCC_WDOCUMENTATION_UNKNOWN_COMMAND  -D_GNU_SOURCE=1   -Wdocumentation-unknown-command -o CMakeFiles/cmTC_abd27.dir/src.c.o -c /home/mcditoos/Explorations/math_viz/game_of_life/c/build/CMakeFiles/CMakeTmp/src.c
cc: error: unrecognized command-line option '-Wdocumentation-unknown-command'
ninja: build stopped: subcommand failed.


Source file was:
int main(void) { return 0; }
Performing C SOURCE FILE Test HAVE_GCC_COMMENT_BLOCK_COMMANDS failed with the following output:
Change Dir: /home/mcditoos/Explorations/math_viz/game_of_life/c/build/CMakeFiles/CMakeTmp

Run Build Command(s):/home/mcditoos/anaconda3/bin/ninja cmTC_b146d && [1/2] Building C object CMakeFiles/cmTC_b146d.dir/src.c.o
FAILED: CMakeFiles/cmTC_b146d.dir/src.c.o 
/usr/bin/cc -DHAVE_GCC_COMMENT_BLOCK_COMMANDS  -D_GNU_SOURCE=1   -fcomment-block-commands=threadsafety -o CMakeFiles/cmTC_b146d.dir/src.c.o -c /home/mcditoos/Explorations/math_viz/game_of_life/c/build/CMakeFiles/CMakeTmp/src.c
cc: error: unrecognized command-line option '-fcomment-block-commands=threadsafety'
ninja: build stopped: subcommand failed.


Source file was:
int main(void) { return 0; }
Performing C SOURCE FILE Test HAVE_CLANG_COMMENT_BLOCK_COMMANDS failed with the following output:
Change Dir: /home/mcditoos/Explorations/math_viz/game_of_life/c/build/CMakeFiles/CMakeTmp

Run Build Command(s):/home/mcditoos/anaconda3/bin/ninja cmTC_5241e && [1/2] Building C object CMakeFiles/cmTC_5241e.dir/src.c.o
FAILED: CMakeFiles/cmTC_5241e.dir/src.c.o 
/usr/bin/cc -DHAVE_CLANG_COMMENT_BLOCK_COMMANDS  -D_GNU_SOURCE=1   /clang:-fcomment-block-commands=threadsafety -o CMakeFiles/cmTC_5241e.dir/src.c.o -c /home/mcditoos/Explorations/math_viz/game_of_life/c/build/CMakeFiles/CMakeTmp/src.c
cc: warning: /clang:-fcomment-block-commands=threadsafety: linker input file unused because linking not done
cc: error: /clang:-fcomment-block-commands=threadsafety: linker input file not found: No such file or directory
ninja: build stopped: subcommand failed.


Source file was:
int main(void) { return 0; }
Determining if the _i64toa exist failed with the following output:
Change Dir: /home/mcditoos/Explorations/math_viz/game_of_life/c/build/CMakeFiles/CMakeTmp

Run Build Command(s):/home/mcditoos/anaconda3/bin/ninja cmTC_e52e0 && [1/2] Building C object CMakeFiles/cmTC_e52e0.dir/CheckSymbolExists.c.o
FAILED: CMakeFiles/cmTC_e52e0.dir/CheckSymbolExists.c.o 
/usr/bin/cc   -D_GNU_SOURCE=1 -o CMakeFiles/cmTC_e52e0.dir/CheckSymbolExists.c.o -c /home/mcditoos/Explorations/math_viz/game_of_life/c/build/CMakeFiles/CMakeTmp/CheckSymbolExists.c
/home/mcditoos/Explorations/math_viz/game_of_life/c/build/CMakeFiles/CMakeTmp/CheckSymbolExists.c: In function ‘main’:
/home/mcditoos/Explorations/math_viz/game_of_life/c/build/CMakeFiles/CMakeTmp/CheckSymbolExists.c:26:19: error: ‘_i64toa’ undeclared (first use in this function)
   26 |   return ((int*)(&_i64toa))[argc];
      |                   ^~~~~~~
/home/mcditoos/Explorations/math_viz/game_of_life/c/build/CMakeFiles/CMakeTmp/CheckSymbolExists.c:26:19: note: each undeclared identifier is reported only once for each function it appears in
ninja: build stopped: subcommand failed.


File /home/mcditoos/Explorations/math_viz/game_of_life/c/build/CMakeFiles/CMakeTmp/CheckSymbolExists.c:
/* */
#include <float.h>
#include <iconv.h>
#include <inttypes.h>
#include <limits.h>
#include <malloc.h>
#include <math.h>
#include <memory.h>
#include <signal.h>
#include <stdarg.h>
#include <stdbool.h>
#include <stddef.h>
#include <stdint.h>
#include <stdio.h>
#include <stdlib.h>
#include <string.h>
#include <strings.h>
#include <sys/types.h>
#include <time.h>
#include <wchar.h>

int main(int argc, char** argv)
{
  (void)argv;
#ifndef _i64toa
  return ((int*)(&_i64toa))[argc];
#else
  (void)argc;
  return 0;
#endif
}
Determining if the itoa exist failed with the following output:
Change Dir: /home/mcditoos/Explorations/math_viz/game_of_life/c/build/CMakeFiles/CMakeTmp

Run Build Command(s):/home/mcditoos/anaconda3/bin/ninja cmTC_7f9de && [1/2] Building C object CMakeFiles/cmTC_7f9de.dir/CheckSymbolExists.c.o
FAILED: CMakeFiles/cmTC_7f9de.dir/CheckSymbolExists.c.o 
/usr/bin/cc   -D_GNU_SOURCE=1 -o CMakeFiles/cmTC_7f9de.dir/CheckSymbolExists.c.o -c /home/mcditoos/Explorations/math_viz/game_of_life/c/build/CMakeFiles/CMakeTmp/CheckSymbolExists.c
/home/mcditoos/Explorations/math_viz/game_of_life/c/build/CMakeFiles/CMakeTmp/CheckSymbolExists.c: In function ‘main’:
/home/mcditoos/Explorations/math_viz/game_of_life/c/build/CMakeFiles/CMakeTmp/CheckSymbolExists.c:26:19: error: ‘itoa’ undeclared (first use in this function)
   26 |   return ((int*)(&itoa))[argc];
      |                   ^~~~
/home/mcditoos/Explorations/math_viz/game_of_life/c/build/CMakeFiles/CMakeTmp/CheckSymbolExists.c:26:19: note: each undeclared identifier is reported only once for each function it appears in
ninja: build stopped: subcommand failed.


File /home/mcditoos/Explorations/math_viz/game_of_life/c/build/CMakeFiles/CMakeTmp/CheckSymbolExists.c:
/* */
#include <float.h>
#include <iconv.h>
#include <inttypes.h>
#include <limits.h>
#include <malloc.h>
#include <math.h>
#include <memory.h>
#include <signal.h>
#include <stdarg.h>
#include <stdbool.h>
#include <stddef.h>
#include <stdint.h>
#include <stdio.h>
#include <stdlib.h>
#include <string.h>
#include <strings.h>
#include <sys/types.h>
#include <time.h>
#include <wchar.h>

int main(int argc, char** argv)
{
  (void)argv;
#ifndef itoa
  return ((int*)(&itoa))[argc];
#else
  (void)argc;
  return 0;
#endif
}
Determining if the _ltoa exist failed with the following output:
Change Dir: /home/mcditoos/Explorations/math_viz/game_of_life/c/build/CMakeFiles/CMakeTmp

Run Build Command(s):/home/mcditoos/anaconda3/bin/ninja cmTC_ea178 && [1/2] Building C object CMakeFiles/cmTC_ea178.dir/CheckSymbolExists.c.o
FAILED: CMakeFiles/cmTC_ea178.dir/CheckSymbolExists.c.o 
/usr/bin/cc   -D_GNU_SOURCE=1 -o CMakeFiles/cmTC_ea178.dir/CheckSymbolExists.c.o -c /home/mcditoos/Explorations/math_viz/game_of_life/c/build/CMakeFiles/CMakeTmp/CheckSymbolExists.c
/home/mcditoos/Explorations/math_viz/game_of_life/c/build/CMakeFiles/CMakeTmp/CheckSymbolExists.c: In function ‘main’:
/home/mcditoos/Explorations/math_viz/game_of_life/c/build/CMakeFiles/CMakeTmp/CheckSymbolExists.c:26:19: error: ‘_ltoa’ undeclared (first use in this function)
   26 |   return ((int*)(&_ltoa))[argc];
      |                   ^~~~~
/home/mcditoos/Explorations/math_viz/game_of_life/c/build/CMakeFiles/CMakeTmp/CheckSymbolExists.c:26:19: note: each undeclared identifier is reported only once for each function it appears in
ninja: build stopped: subcommand failed.


File /home/mcditoos/Explorations/math_viz/game_of_life/c/build/CMakeFiles/CMakeTmp/CheckSymbolExists.c:
/* */
#include <float.h>
#include <iconv.h>
#include <inttypes.h>
#include <limits.h>
#include <malloc.h>
#include <math.h>
#include <memory.h>
#include <signal.h>
#include <stdarg.h>
#include <stdbool.h>
#include <stddef.h>
#include <stdint.h>
#include <stdio.h>
#include <stdlib.h>
#include <string.h>
#include <strings.h>
#include <sys/types.h>
#include <time.h>
#include <wchar.h>

int main(int argc, char** argv)
{
  (void)argv;
#ifndef _ltoa
  return ((int*)(&_ltoa))[argc];
#else
  (void)argc;
  return 0;
#endif
}
Determining if the sqr exist failed with the following output:
Change Dir: /home/mcditoos/Explorations/math_viz/game_of_life/c/build/CMakeFiles/CMakeTmp

Run Build Command(s):/home/mcditoos/anaconda3/bin/ninja cmTC_a4aa8 && [1/2] Building C object CMakeFiles/cmTC_a4aa8.dir/CheckSymbolExists.c.o
FAILED: CMakeFiles/cmTC_a4aa8.dir/CheckSymbolExists.c.o 
/usr/bin/cc   -D_GNU_SOURCE=1 -o CMakeFiles/cmTC_a4aa8.dir/CheckSymbolExists.c.o -c /home/mcditoos/Explorations/math_viz/game_of_life/c/build/CMakeFiles/CMakeTmp/CheckSymbolExists.c
/home/mcditoos/Explorations/math_viz/game_of_life/c/build/CMakeFiles/CMakeTmp/CheckSymbolExists.c: In function ‘main’:
/home/mcditoos/Explorations/math_viz/game_of_life/c/build/CMakeFiles/CMakeTmp/CheckSymbolExists.c:26:19: error: ‘sqr’ undeclared (first use in this function); did you mean ‘sqrt’?
   26 |   return ((int*)(&sqr))[argc];
      |                   ^~~
      |                   sqrt
/home/mcditoos/Explorations/math_viz/game_of_life/c/build/CMakeFiles/CMakeTmp/CheckSymbolExists.c:26:19: note: each undeclared identifier is reported only once for each function it appears in
ninja: build stopped: subcommand failed.


File /home/mcditoos/Explorations/math_viz/game_of_life/c/build/CMakeFiles/CMakeTmp/CheckSymbolExists.c:
/* */
#include <float.h>
#include <iconv.h>
#include <inttypes.h>
#include <limits.h>
#include <malloc.h>
#include <math.h>
#include <memory.h>
#include <signal.h>
#include <stdarg.h>
#include <stdbool.h>
#include <stddef.h>
#include <stdint.h>
#include <stdio.h>
#include <stdlib.h>
#include <string.h>
#include <strings.h>
#include <sys/types.h>
#include <time.h>
#include <wchar.h>

int main(int argc, char** argv)
{
  (void)argv;
#ifndef sqr
  return ((int*)(&sqr))[argc];
#else
  (void)argc;
  return 0;
#endif
}
Determining if the strlcat exist failed with the following output:
Change Dir: /home/mcditoos/Explorations/math_viz/game_of_life/c/build/CMakeFiles/CMakeTmp

Run Build Command(s):/home/mcditoos/anaconda3/bin/ninja cmTC_4a758 && [1/2] Building C object CMakeFiles/cmTC_4a758.dir/CheckSymbolExists.c.o
FAILED: CMakeFiles/cmTC_4a758.dir/CheckSymbolExists.c.o 
/usr/bin/cc   -D_GNU_SOURCE=1 -o CMakeFiles/cmTC_4a758.dir/CheckSymbolExists.c.o -c /home/mcditoos/Explorations/math_viz/game_of_life/c/build/CMakeFiles/CMakeTmp/CheckSymbolExists.c
/home/mcditoos/Explorations/math_viz/game_of_life/c/build/CMakeFiles/CMakeTmp/CheckSymbolExists.c: In function ‘main’:
/home/mcditoos/Explorations/math_viz/game_of_life/c/build/CMakeFiles/CMakeTmp/CheckSymbolExists.c:26:19: error: ‘strlcat’ undeclared (first use in this function); did you mean ‘strncat’?
   26 |   return ((int*)(&strlcat))[argc];
      |                   ^~~~~~~
      |                   strncat
/home/mcditoos/Explorations/math_viz/game_of_life/c/build/CMakeFiles/CMakeTmp/CheckSymbolExists.c:26:19: note: each undeclared identifier is reported only once for each function it appears in
ninja: build stopped: subcommand failed.


File /home/mcditoos/Explorations/math_viz/game_of_life/c/build/CMakeFiles/CMakeTmp/CheckSymbolExists.c:
/* */
#include <float.h>
#include <iconv.h>
#include <inttypes.h>
#include <limits.h>
#include <malloc.h>
#include <math.h>
#include <memory.h>
#include <signal.h>
#include <stdarg.h>
#include <stdbool.h>
#include <stddef.h>
#include <stdint.h>
#include <stdio.h>
#include <stdlib.h>
#include <string.h>
#include <strings.h>
#include <sys/types.h>
#include <time.h>
#include <wchar.h>

int main(int argc, char** argv)
{
  (void)argv;
#ifndef strlcat
  return ((int*)(&strlcat))[argc];
#else
  (void)argc;
  return 0;
#endif
}
Determining if the strlcpy exist failed with the following output:
Change Dir: /home/mcditoos/Explorations/math_viz/game_of_life/c/build/CMakeFiles/CMakeTmp

Run Build Command(s):/home/mcditoos/anaconda3/bin/ninja cmTC_149bd && [1/2] Building C object CMakeFiles/cmTC_149bd.dir/CheckSymbolExists.c.o
FAILED: CMakeFiles/cmTC_149bd.dir/CheckSymbolExists.c.o 
/usr/bin/cc   -D_GNU_SOURCE=1 -o CMakeFiles/cmTC_149bd.dir/CheckSymbolExists.c.o -c /home/mcditoos/Explorations/math_viz/game_of_life/c/build/CMakeFiles/CMakeTmp/CheckSymbolExists.c
/home/mcditoos/Explorations/math_viz/game_of_life/c/build/CMakeFiles/CMakeTmp/CheckSymbolExists.c: In function ‘main’:
/home/mcditoos/Explorations/math_viz/game_of_life/c/build/CMakeFiles/CMakeTmp/CheckSymbolExists.c:26:19: error: ‘strlcpy’ undeclared (first use in this function); did you mean ‘strncpy’?
   26 |   return ((int*)(&strlcpy))[argc];
      |                   ^~~~~~~
      |                   strncpy
/home/mcditoos/Explorations/math_viz/game_of_life/c/build/CMakeFiles/CMakeTmp/CheckSymbolExists.c:26:19: note: each undeclared identifier is reported only once for each function it appears in
ninja: build stopped: subcommand failed.


File /home/mcditoos/Explorations/math_viz/game_of_life/c/build/CMakeFiles/CMakeTmp/CheckSymbolExists.c:
/* */
#include <float.h>
#include <iconv.h>
#include <inttypes.h>
#include <limits.h>
#include <malloc.h>
#include <math.h>
#include <memory.h>
#include <signal.h>
#include <stdarg.h>
#include <stdbool.h>
#include <stddef.h>
#include <stdint.h>
#include <stdio.h>
#include <stdlib.h>
#include <string.h>
#include <strings.h>
#include <sys/types.h>
#include <time.h>
#include <wchar.h>

int main(int argc, char** argv)
{
  (void)argv;
#ifndef strlcpy
  return ((int*)(&strlcpy))[argc];
#else
  (void)argc;
  return 0;
#endif
}
Determining if the strnstr exist failed with the following output:
Change Dir: /home/mcditoos/Explorations/math_viz/game_of_life/c/build/CMakeFiles/CMakeTmp

Run Build Command(s):/home/mcditoos/anaconda3/bin/ninja cmTC_2fa96 && [1/2] Building C object CMakeFiles/cmTC_2fa96.dir/CheckSymbolExists.c.o
FAILED: CMakeFiles/cmTC_2fa96.dir/CheckSymbolExists.c.o 
/usr/bin/cc   -D_GNU_SOURCE=1 -o CMakeFiles/cmTC_2fa96.dir/CheckSymbolExists.c.o -c /home/mcditoos/Explorations/math_viz/game_of_life/c/build/CMakeFiles/CMakeTmp/CheckSymbolExists.c
/home/mcditoos/Explorations/math_viz/game_of_life/c/build/CMakeFiles/CMakeTmp/CheckSymbolExists.c: In function ‘main’:
/home/mcditoos/Explorations/math_viz/game_of_life/c/build/CMakeFiles/CMakeTmp/CheckSymbolExists.c:26:19: error: ‘strnstr’ undeclared (first use in this function); did you mean ‘strstr’?
   26 |   return ((int*)(&strnstr))[argc];
      |                   ^~~~~~~
      |                   strstr
/home/mcditoos/Explorations/math_viz/game_of_life/c/build/CMakeFiles/CMakeTmp/CheckSymbolExists.c:26:19: note: each undeclared identifier is reported only once for each function it appears in
ninja: build stopped: subcommand failed.


File /home/mcditoos/Explorations/math_viz/game_of_life/c/build/CMakeFiles/CMakeTmp/CheckSymbolExists.c:
/* */
#include <float.h>
#include <iconv.h>
#include <inttypes.h>
#include <limits.h>
#include <malloc.h>
#include <math.h>
#include <memory.h>
#include <signal.h>
#include <stdarg.h>
#include <stdbool.h>
#include <stddef.h>
#include <stdint.h>
#include <stdio.h>
#include <stdlib.h>
#include <string.h>
#include <strings.h>
#include <sys/types.h>
#include <time.h>
#include <wchar.h>

int main(int argc, char** argv)
{
  (void)argv;
#ifndef strnstr
  return ((int*)(&strnstr))[argc];
#else
  (void)argc;
  return 0;
#endif
}
Determining if the wcslcat exist failed with the following output:
Change Dir: /home/mcditoos/Explorations/math_viz/game_of_life/c/build/CMakeFiles/CMakeTmp

Run Build Command(s):/home/mcditoos/anaconda3/bin/ninja cmTC_05834 && [1/2] Building C object CMakeFiles/cmTC_05834.dir/CheckSymbolExists.c.o
FAILED: CMakeFiles/cmTC_05834.dir/CheckSymbolExists.c.o 
/usr/bin/cc   -D_GNU_SOURCE=1 -o CMakeFiles/cmTC_05834.dir/CheckSymbolExists.c.o -c /home/mcditoos/Explorations/math_viz/game_of_life/c/build/CMakeFiles/CMakeTmp/CheckSymbolExists.c
/home/mcditoos/Explorations/math_viz/game_of_life/c/build/CMakeFiles/CMakeTmp/CheckSymbolExists.c: In function ‘main’:
/home/mcditoos/Explorations/math_viz/game_of_life/c/build/CMakeFiles/CMakeTmp/CheckSymbolExists.c:26:19: error: ‘wcslcat’ undeclared (first use in this function); did you mean ‘wcsncat’?
   26 |   return ((int*)(&wcslcat))[argc];
      |                   ^~~~~~~
      |                   wcsncat
/home/mcditoos/Explorations/math_viz/game_of_life/c/build/CMakeFiles/CMakeTmp/CheckSymbolExists.c:26:19: note: each undeclared identifier is reported only once for each function it appears in
ninja: build stopped: subcommand failed.


File /home/mcditoos/Explorations/math_viz/game_of_life/c/build/CMakeFiles/CMakeTmp/CheckSymbolExists.c:
/* */
#include <float.h>
#include <iconv.h>
#include <inttypes.h>
#include <limits.h>
#include <malloc.h>
#include <math.h>
#include <memory.h>
#include <signal.h>
#include <stdarg.h>
#include <stdbool.h>
#include <stddef.h>
#include <stdint.h>
#include <stdio.h>
#include <stdlib.h>
#include <string.h>
#include <strings.h>
#include <sys/types.h>
#include <time.h>
#include <wchar.h>

int main(int argc, char** argv)
{
  (void)argv;
#ifndef wcslcat
  return ((int*)(&wcslcat))[argc];
#else
  (void)argc;
  return 0;
#endif
}
Determining if the wcslcpy exist failed with the following output:
Change Dir: /home/mcditoos/Explorations/math_viz/game_of_life/c/build/CMakeFiles/CMakeTmp

Run Build Command(s):/home/mcditoos/anaconda3/bin/ninja cmTC_441bd && [1/2] Building C object CMakeFiles/cmTC_441bd.dir/CheckSymbolExists.c.o
FAILED: CMakeFiles/cmTC_441bd.dir/CheckSymbolExists.c.o 
/usr/bin/cc   -D_GNU_SOURCE=1 -o CMakeFiles/cmTC_441bd.dir/CheckSymbolExists.c.o -c /home/mcditoos/Explorations/math_viz/game_of_life/c/build/CMakeFiles/CMakeTmp/CheckSymbolExists.c
/home/mcditoos/Explorations/math_viz/game_of_life/c/build/CMakeFiles/CMakeTmp/CheckSymbolExists.c: In function ‘main’:
/home/mcditoos/Explorations/math_viz/game_of_life/c/build/CMakeFiles/CMakeTmp/CheckSymbolExists.c:26:19: error: ‘wcslcpy’ undeclared (first use in this function); did you mean ‘wcsncpy’?
   26 |   return ((int*)(&wcslcpy))[argc];
      |                   ^~~~~~~
      |                   wcsncpy
/home/mcditoos/Explorations/math_viz/game_of_life/c/build/CMakeFiles/CMakeTmp/CheckSymbolExists.c:26:19: note: each undeclared identifier is reported only once for each function it appears in
ninja: build stopped: subcommand failed.


File /home/mcditoos/Explorations/math_viz/game_of_life/c/build/CMakeFiles/CMakeTmp/CheckSymbolExists.c:
/* */
#include <float.h>
#include <iconv.h>
#include <inttypes.h>
#include <limits.h>
#include <malloc.h>
#include <math.h>
#include <memory.h>
#include <signal.h>
#include <stdarg.h>
#include <stdbool.h>
#include <stddef.h>
#include <stdint.h>
#include <stdio.h>
#include <stdlib.h>
#include <string.h>
#include <strings.h>
#include <sys/types.h>
#include <time.h>
#include <wchar.h>

int main(int argc, char** argv)
{
  (void)argv;
#ifndef wcslcpy
  return ((int*)(&wcslcpy))[argc];
#else
  (void)argc;
  return 0;
#endif
}
Determining if the sysctlbyname exist failed with the following output:
Change Dir: /home/mcditoos/Explorations/math_viz/game_of_life/c/build/CMakeFiles/CMakeTmp

Run Build Command(s):/home/mcditoos/anaconda3/bin/ninja cmTC_24dba && [1/2] Building C object CMakeFiles/cmTC_24dba.dir/CheckSymbolExists.c.o
FAILED: CMakeFiles/cmTC_24dba.dir/CheckSymbolExists.c.o 
/usr/bin/cc   -D_GNU_SOURCE=1 -o CMakeFiles/cmTC_24dba.dir/CheckSymbolExists.c.o -c /home/mcditoos/Explorations/math_viz/game_of_life/c/build/CMakeFiles/CMakeTmp/CheckSymbolExists.c
/home/mcditoos/Explorations/math_viz/game_of_life/c/build/CMakeFiles/CMakeTmp/CheckSymbolExists.c:3:10: fatal error: sys/sysctl.h: No such file or directory
    3 | #include <sys/sysctl.h>
      |          ^~~~~~~~~~~~~~
compilation terminated.
ninja: build stopped: subcommand failed.


File /home/mcditoos/Explorations/math_viz/game_of_life/c/build/CMakeFiles/CMakeTmp/CheckSymbolExists.c:
/* */
#include <sys/types.h>
#include <sys/sysctl.h>

int main(int argc, char** argv)
{
  (void)argv;
#ifndef sysctlbyname
  return ((int*)(&sysctlbyname))[argc];
#else
  (void)argc;
  return 0;
#endif
}
Determining if the elf_aux_info exist failed with the following output:
Change Dir: /home/mcditoos/Explorations/math_viz/game_of_life/c/build/CMakeFiles/CMakeTmp

Run Build Command(s):/home/mcditoos/anaconda3/bin/ninja cmTC_6583f && [1/2] Building C object CMakeFiles/cmTC_6583f.dir/CheckSymbolExists.c.o
FAILED: CMakeFiles/cmTC_6583f.dir/CheckSymbolExists.c.o 
/usr/bin/cc   -D_GNU_SOURCE=1 -o CMakeFiles/cmTC_6583f.dir/CheckSymbolExists.c.o -c /home/mcditoos/Explorations/math_viz/game_of_life/c/build/CMakeFiles/CMakeTmp/CheckSymbolExists.c
/home/mcditoos/Explorations/math_viz/game_of_life/c/build/CMakeFiles/CMakeTmp/CheckSymbolExists.c: In function ‘main’:
/home/mcditoos/Explorations/math_viz/game_of_life/c/build/CMakeFiles/CMakeTmp/CheckSymbolExists.c:8:19: error: ‘elf_aux_info’ undeclared (first use in this function)
    8 |   return ((int*)(&elf_aux_info))[argc];
      |                   ^~~~~~~~~~~~
/home/mcditoos/Explorations/math_viz/game_of_life/c/build/CMakeFiles/CMakeTmp/CheckSymbolExists.c:8:19: note: each undeclared identifier is reported only once for each function it appears in
ninja: build stopped: subcommand failed.


File /home/mcditoos/Explorations/math_viz/game_of_life/c/build/CMakeFiles/CMakeTmp/CheckSymbolExists.c:
/* */
#include <sys/auxv.h>

int main(int argc, char** argv)
{
  (void)argv;
#ifndef elf_aux_info
  return ((int*)(&elf_aux_info))[argc];
#else
  (void)argc;
  return 0;
#endif
}
Performing C SOURCE FILE Test ICONV_IN_LIBICONV failed with the following output:
Change Dir: /home/mcditoos/Explorations/math_viz/game_of_life/c/build/CMakeFiles/CMakeTmp

Run Build Command(s):/home/mcditoos/anaconda3/bin/ninja cmTC_a98e8 && [1/2] Building C object CMakeFiles/cmTC_a98e8.dir/src.c.o
[2/2] Linking C executable cmTC_a98e8
FAILED: cmTC_a98e8 
: && /usr/bin/cc -D_GNU_SOURCE=1  CMakeFiles/cmTC_a98e8.dir/src.c.o -o cmTC_a98e8  -liconv && :
/usr/bin/ld: cannot find -liconv: No such file or directory
collect2: error: ld returned 1 exit status
ninja: build stopped: subcommand failed.


Source file was:

        #include <stddef.h>
        #include <iconv.h>
        int main(int argc, char **argv) {
            return !iconv_open(NULL,NULL);
        }
Performing C SOURCE FILE Test HAVE_OPENGL_GLX failed with the following output:
Change Dir: /home/mcditoos/Explorations/math_viz/game_of_life/c/build/CMakeFiles/CMakeTmp

Run Build Command(s):/home/mcditoos/anaconda3/bin/ninja cmTC_d433d && [1/2] Building C object CMakeFiles/cmTC_d433d.dir/src.c.o
FAILED: CMakeFiles/cmTC_d433d.dir/src.c.o 
/usr/bin/cc -DHAVE_OPENGL_GLX  -D_GNU_SOURCE=1 -o CMakeFiles/cmTC_d433d.dir/src.c.o -c /home/mcditoos/Explorations/math_viz/game_of_life/c/build/CMakeFiles/CMakeTmp/src.c
/home/mcditoos/Explorations/math_viz/game_of_life/c/build/CMakeFiles/CMakeTmp/src.c:2:18: fatal error: GL/glx.h: No such file or directory
    2 |         #include <GL/glx.h>
      |                  ^~~~~~~~~~
compilation terminated.
ninja: build stopped: subcommand failed.


Source file was:

        #include <GL/glx.h>
        int main(int argc, char** argv) { return 0; }
Performing C SOURCE FILE Test HAVE_OPENGL failed with the following output:
Change Dir: /home/mcditoos/Explorations/math_viz/game_of_life/c/build/CMakeFiles/CMakeTmp

Run Build Command(s):/home/mcditoos/anaconda3/bin/ninja cmTC_5516e && [1/2] Building C object CMakeFiles/cmTC_5516e.dir/src.c.o
FAILED: CMakeFiles/cmTC_5516e.dir/src.c.o 
/usr/bin/cc -DHAVE_OPENGL  -D_GNU_SOURCE=1 -o CMakeFiles/cmTC_5516e.dir/src.c.o -c /home/mcditoos/Explorations/math_viz/game_of_life/c/build/CMakeFiles/CMakeTmp/src.c
/home/mcditoos/Explorations/math_viz/game_of_life/c/build/CMakeFiles/CMakeTmp/src.c:2:18: fatal error: GL/gl.h: No such file or directory
    2 |         #include <GL/gl.h>
      |                  ^~~~~~~~~
compilation terminated.
ninja: build stopped: subcommand failed.


Source file was:

        #include <GL/gl.h>
        #include <GL/glext.h>
        int main(int argc, char** argv) { return 0; }
Performing C SOURCE FILE Test HAVE_OPENGLES_V1 failed with the following output:
Change Dir: /home/mcditoos/Explorations/math_viz/game_of_life/c/build/CMakeFiles/CMakeTmp

Run Build Command(s):/home/mcditoos/anaconda3/bin/ninja cmTC_665e8 && [1/2] Building C object CMakeFiles/cmTC_665e8.dir/src.c.o
FAILED: CMakeFiles/cmTC_665e8.dir/src.c.o 
/usr/bin/cc -DHAVE_OPENGLES_V1 -I/home/mcditoos/SDL/src/video/khronos -D_GNU_SOURCE=1 -o CMakeFiles/cmTC_665e8.dir/src.c.o -c /home/mcditoos/Explorations/math_viz/game_of_life/c/build/CMakeFiles/CMakeTmp/src.c
/home/mcditoos/Explorations/math_viz/game_of_life/c/build/CMakeFiles/CMakeTmp/src.c:2:18: fatal error: GLES/gl.h: No such file or directory
    2 |         #include <GLES/gl.h>
      |                  ^~~~~~~~~~~
compilation terminated.
ninja: build stopped: subcommand failed.


Source file was:

        #include <GLES/gl.h>
        #include <GLES/glext.h>
        int main (int argc, char** argv) { return 0; }
Determining if the include file libudev.h exists failed with the following output:
Change Dir: /home/mcditoos/Explorations/math_viz/game_of_life/c/build/CMakeFiles/CMakeTmp

Run Build Command(s):/home/mcditoos/anaconda3/bin/ninja cmTC_7f7f1 && [1/2] Building C object CMakeFiles/cmTC_7f7f1.dir/CheckIncludeFile.c.o
FAILED: CMakeFiles/cmTC_7f7f1.dir/CheckIncludeFile.c.o 
/usr/bin/cc   -D_GNU_SOURCE=1 -o CMakeFiles/cmTC_7f7f1.dir/CheckIncludeFile.c.o -c /home/mcditoos/Explorations/math_viz/game_of_life/c/build/CMakeFiles/CMakeTmp/CheckIncludeFile.c
/home/mcditoos/Explorations/math_viz/game_of_life/c/build/CMakeFiles/CMakeTmp/CheckIncludeFile.c:1:10: fatal error: libudev.h: No such file or directory
    1 | #include <libudev.h>
      |          ^~~~~~~~~~~
compilation terminated.
ninja: build stopped: subcommand failed.



Performing C SOURCE FILE Test LIBC_HAS_WORKING_LIBUNWIND failed with the following output:
Change Dir: /home/mcditoos/Explorations/math_viz/game_of_life/c/build/CMakeFiles/CMakeTmp

Run Build Command(s):/home/mcditoos/anaconda3/bin/ninja cmTC_37f80 && [1/2] Building C object CMakeFiles/cmTC_37f80.dir/src.c.o
FAILED: CMakeFiles/cmTC_37f80.dir/src.c.o 
/usr/bin/cc -DLIBC_HAS_WORKING_LIBUNWIND  -D_GNU_SOURCE=1 -o CMakeFiles/cmTC_37f80.dir/src.c.o -c /home/mcditoos/Explorations/math_viz/game_of_life/c/build/CMakeFiles/CMakeTmp/src.c
/home/mcditoos/Explorations/math_viz/game_of_life/c/build/CMakeFiles/CMakeTmp/src.c:1:16: fatal error: libunwind.h: No such file or directory
    1 |       #include <libunwind.h>
      |                ^~~~~~~~~~~~~
compilation terminated.
ninja: build stopped: subcommand failed.


Source file was:
      #include <libunwind.h>
      int main(int argc, char *argv[]) {
        (void)argc; (void)argv;
        unw_context_t context;
        unw_cursor_t cursor;
        unw_word_t pc;
        char sym[256];
        unw_word_t offset;
        unw_getcontext(&context);
        unw_step(&cursor);
        unw_get_reg(&cursor, UNW_REG_IP, &pc);
        unw_get_proc_name(&cursor, sym, sizeof(sym), &offset);
        return 0;
      }
Performing C SOURCE FILE Test LIBUNWIND_HAS_WORKINGLIBUNWIND failed with the following output:
Change Dir: /home/mcditoos/Explorations/math_viz/game_of_life/c/build/CMakeFiles/CMakeTmp

Run Build Command(s):/home/mcditoos/anaconda3/bin/ninja cmTC_c6afe && [1/2] Building C object CMakeFiles/cmTC_c6afe.dir/src.c.o
FAILED: CMakeFiles/cmTC_c6afe.dir/src.c.o 
/usr/bin/cc -DLIBUNWIND_HAS_WORKINGLIBUNWIND  -D_GNU_SOURCE=1 -o CMakeFiles/cmTC_c6afe.dir/src.c.o -c /home/mcditoos/Explorations/math_viz/game_of_life/c/build/CMakeFiles/CMakeTmp/src.c
/home/mcditoos/Explorations/math_viz/game_of_life/c/build/CMakeFiles/CMakeTmp/src.c:1:16: fatal error: libunwind.h: No such file or directory
    1 |       #include <libunwind.h>
      |                ^~~~~~~~~~~~~
compilation terminated.
ninja: build stopped: subcommand failed.


Source file was:
      #include <libunwind.h>
      int main(int argc, char *argv[]) {
        (void)argc; (void)argv;
        unw_context_t context;
        unw_cursor_t cursor;
        unw_word_t pc;
        char sym[256];
        unw_word_t offset;
        unw_getcontext(&context);
        unw_step(&cursor);
        unw_get_reg(&cursor, UNW_REG_IP, &pc);
        unw_get_proc_name(&cursor, sym, sizeof(sym), &offset);
        return 0;
      }
Determining if the include file pthread_np.h exists failed with the following output:
Change Dir: /home/mcditoos/Explorations/math_viz/game_of_life/c/build/CMakeFiles/CMakeTmp

Run Build Command(s):/home/mcditoos/anaconda3/bin/ninja cmTC_3c04b && [1/2] Building C object CMakeFiles/cmTC_3c04b.dir/CheckIncludeFile.c.o
FAILED: CMakeFiles/cmTC_3c04b.dir/CheckIncludeFile.c.o 
/usr/bin/cc   -D_GNU_SOURCE=1 -D_REENTRANT -pthread -o CMakeFiles/cmTC_3c04b.dir/CheckIncludeFile.c.o -c /home/mcditoos/Explorations/math_viz/game_of_life/c/build/CMakeFiles/CMakeTmp/CheckIncludeFile.c
/home/mcditoos/Explorations/math_viz/game_of_life/c/build/CMakeFiles/CMakeTmp/CheckIncludeFile.c:1:10: fatal error: pthread_np.h: No such file or directory
    1 | #include <pthread_np.h>
      |          ^~~~~~~~~~~~~~
compilation terminated.
ninja: build stopped: subcommand failed.



